[2026-09-08 20:23:42.835] [warning] [Runtime] component=camera degraded code=camera_timeout action=skip_current_work detail=timeout
[2026-09-08 20:23:42.835] [info] [Runtime] component=camera recovered code=camera_invalid_frame after 1800.0ms and 2 events
[2026-09-08 20:23:42.835] [warning] [Runtime] component=camera degraded code=camera_timeout action=skip_current_work detail=timeout
[2026-09-08 20:23:42.835] [error] [Runtime] component=camera failed code=camera_invalid_frame action=safe_stop_and_terminate consecutive=2 detail=invalid
[2026-09-08 20:23:42.835] [error] [Runtime] component=camera failed code=camera_disconnected action=safe_stop_and_terminate consecutive=1 detail=
[2026-09-08 20:23:42.835] [error] [Runtime] component=camera failed code=camera_fatal action=safe_stop_and_terminate consecutive=1 detail=
[2026-09-08 20:23:42.835] [error] [Runtime] component=vision_pipeline failed code=vision_pipeline_exception action=safe_stop_and_terminate consecutive=1 detail=
[2026-09-08 20:23:42.835] [error] [Runtime] component=control_runtime failed code=control_update_exception action=safe_stop_and_terminate consecutive=1 detail=
[2026-09-08 20:23:42.835] [warning] [Runtime] component=simulation_evaluation degraded code=evaluation_exception action=disable_component detail=
[2026-09-08 20:23:42.835] [warning] [Runtime] component=simulation_evaluation disabled code=evaluation_exception after 1 consecutive errors
[2026-09-08 20:23:42.835] [warning] [Runtime] component=debug_window degraded code=debug_window_exception action=disable_component detail=
[2026-09-08 20:23:42.835] [warning] [Runtime] component=debug_window disabled code=debug_window_exception after 1 consecutive errors
[2026-09-08 20:23:42.835] [warning] [Runtime] component=diagnostics degraded code=diagnostics_unavailable action=continue detail=
[2026-09-08 20:23:42.835] [warning] [Runtime] component=command_sink degraded code=command_send_failed action=safe_stop detail=send
[2026-09-08 20:23:42.835] [info] [Runtime] component=command_sink recovered code=command_sink_unhealthy after 989.0ms and 2 events
[2026-09-08 20:23:42.835] [warning] [Runtime] component=command_sink degraded code=command_send_failed action=safe_stop detail=send
[2026-09-08 20:23:42.835] [error] [Runtime] component=command_sink failed code=command_sink_unhealthy action=safe_stop_and_terminate consecutive=2 detail=health
[2026-09-08 20:23:42.855] [warning] [Runtime] component=command_sink degraded code=command_send_failed action=safe_stop detail=Talos command publication failed
[2026-09-08 20:23:42.895] [info] [Runtime] component=command_sink recovered code=command_send_failed after 40.0ms and 4 events
[2026-09-08 20:23:42.995] [warning] [Runtime] component=command_sink degraded code=command_sink_unhealthy action=safe_stop detail=Talos command heartbeat is unhealthy
[2026-09-08 20:23:43.075] [error] [Runtime] component=command_sink failed code=command_sink_unhealthy action=safe_stop_and_terminate consecutive=9 detail=Talos command heartbeat is unhealthy
